
> pet-clinic@0.0.0 build
> ng build

[33m❯[39m Building...
[32m✔[39m Building...
[1mInitial chunk files[22m[2m | [22m[1mNames[22m          [2m | [22m [1mRaw size[22m[2m | [22m[1mEstimated transfer size[22m
[32mstyles-T6PM6FON.css[39m[2m | [22m[2mstyles[22m         [2m | [22m[36m265.23 kB[39m[2m | [22m               [36m26.75 kB[39m
[32mchunk-L5NY3ORP.js[39m  [2m | [22m[2m-[22m              [2m | [22m[36m245.27 kB[39m[2m | [22m               [36m69.99 kB[39m
[32mmain-VI6DV6O2.js[39m   [2m | [22m[2mmain[22m           [2m | [22m [36m88.67 kB[39m[2m | [22m               [36m21.98 kB[39m
[32mchunk-ROYOFN3K.js[39m  [2m | [22m[2m-[22m              [2m | [22m [36m81.49 kB[39m[2m | [22m               [36m16.13 kB[39m
[32mscripts-TTWY4XDY.js[39m[2m | [22m[2mscripts[22m        [2m | [22m [36m80.45 kB[39m[2m | [22m               [36m21.60 kB[39m
[32mchunk-7PPIF5EA.js[39m  [2m | [22m[2m-[22m              [2m | [22m [36m75.66 kB[39m[2m | [22m               [36m18.82 kB[39m
[32mchunk-GG5NPDW6.js[39m  [2m | [22m[2m-[22m              [2m | [22m [36m73.69 kB[39m[2m | [22m               [36m16.80 kB[39m
[32mchunk-L6GQWI5A.js[39m  [2m | [22m[2m-[22m              [2m | [22m [36m43.77 kB[39m[2m | [22m                [36m9.00 kB[39m
[32mchunk-G3VKMXQY.js[39m  [2m | [22m[2m-[22m              [2m | [22m [36m23.91 kB[39m[2m | [22m                [36m6.53 kB[39m
[32mchunk-JD4T7ZJ7.js[39m  [2m | [22m[2m-[22m              [2m | [22m  [36m4.41 kB[39m[2m | [22m              [36m992 bytes[39m
[32mchunk-THFVSTG3.js[39m  [2m | [22m[2m-[22m              [2m | [22m  [36m2.44 kB[39m[2m | [22m              [36m688 bytes[39m
[32mchunk-3NL44YQH.js[39m  [2m | [22m[2m-[22m              [2m | [22m  [36m2.24 kB[39m[2m | [22m              [36m892 bytes[39m
[32mchunk-ZIT4M4QQ.js[39m  [2m | [22m[2m-[22m              [2m | [22m  [36m1.67 kB[39m[2m | [22m              [36m582 bytes[39m
[32mchunk-JVJUD3E2.js[39m  [2m | [22m[2m-[22m              [2m | [22m  [36m1.58 kB[39m[2m | [22m              [36m702 bytes[39m
[32mchunk-HRATLL53.js[39m  [2m | [22m[2m-[22m              [2m | [22m  [36m1.30 kB[39m[2m | [22m              [36m596 bytes[39m

[1m [22m                  [2m | [22m[1mInitial total[22m  [2m | [22m[1m991.78 kB[22m[2m | [22m              [1m212.05 kB[22m

[1mLazy chunk files[22m   [2m | [22m[1mNames[22m          [2m | [22m [1mRaw size[22m[2m | [22m[1mEstimated transfer size[22m
[32mchunk-PEYUWF6R.js[39m  [2m | [22m[2m-[22m              [2m | [22m [36m94.73 kB[39m[2m | [22m               [36m17.82 kB[39m
[32mchunk-L6ZAB7FN.js[39m  [2m | [22m[2m-[22m              [2m | [22m [36m68.00 kB[39m[2m | [22m               [36m11.87 kB[39m
[32mchunk-FDWNIYHP.js[39m  [2m | [22m[2mboarding[22m       [2m | [22m [36m51.36 kB[39m[2m | [22m                [36m9.69 kB[39m
[32mchunk-JAEI5WOX.js[39m  [2m | [22m[2mshop[22m           [2m | [22m [36m50.57 kB[39m[2m | [22m               [36m10.70 kB[39m
[32mchunk-6JA555LF.js[39m  [2m | [22m[2mpets[22m           [2m | [22m [36m48.44 kB[39m[2m | [22m                [36m9.92 kB[39m
[32mchunk-WG6KBLMB.js[39m  [2m | [22m[2mappointments[22m   [2m | [22m [36m45.24 kB[39m[2m | [22m                [36m8.91 kB[39m
[32mchunk-SQ7XFOJJ.js[39m  [2m | [22m[2mvets[22m           [2m | [22m [36m42.62 kB[39m[2m | [22m                [36m8.44 kB[39m
[32mchunk-HSSTV3ZS.js[39m  [2m | [22m[2mdashboard[22m      [2m | [22m [36m42.17 kB[39m[2m | [22m                [36m8.36 kB[39m
[32mchunk-BZ2ENKFY.js[39m  [2m | [22m[2mmedical-records[22m[2m | [22m [36m35.96 kB[39m[2m | [22m                [36m7.74 kB[39m
[32mchunk-ITAC7VMM.js[39m  [2m | [22m[2m-[22m              [2m | [22m [36m35.20 kB[39m[2m | [22m                [36m8.68 kB[39m
[32mchunk-ZH5YVIA5.js[39m  [2m | [22m[2m-[22m              [2m | [22m [36m28.09 kB[39m[2m | [22m                [36m6.66 kB[39m
[32mchunk-FZXIPL6J.js[39m  [2m | [22m[2mreports[22m        [2m | [22m [36m20.66 kB[39m[2m | [22m                [36m4.57 kB[39m
[32mchunk-3AOCJVMC.js[39m  [2m | [22m[2mcheckout[22m       [2m | [22m [36m18.05 kB[39m[2m | [22m                [36m4.11 kB[39m
[32mchunk-PDYI2JD7.js[39m  [2m | [22m[2mowners[22m         [2m | [22m [36m15.57 kB[39m[2m | [22m                [36m3.89 kB[39m
[32mchunk-WRXJZWGI.js[39m  [2m | [22m[2mprofile[22m        [2m | [22m [36m15.26 kB[39m[2m | [22m                [36m3.50 kB[39m
[2m...and 15 more lazy chunks files. Use "--verbose" to show all the files.[22m

Application bundle generation complete. [3.514 seconds] - 2026-03-24T16:43:27.207Z

[1m[33m[33m▲ [43;33m[[43;30mWARNING[43;33m][0m [1msrc/app/pages/dashboard/dashboard.scss exceeded maximum budget. Budget 16.00 kB was not met by 741 bytes with a total of 16.74 kB.[0m

[39m[22m
Output location: C:\ag\pet-clinic\dist\pet-clinic

